'Choosing a breadcrumbs template (view)': 'https://github.com/DJStarCOM/laravel-breadcrumbs#3-choose-a-template'
'Laravel Breadcrumbs documentation': 'https://github.com/DJStarCOM/laravel-breadcrumbs#laravel-breadcrumbs'
