'Defining breadcrumbs': 'https://github.com/DJStarCOM/laravel-breadcrumbs#defining-breadcrumbs'
'Laravel Breadcrumbs documentation': 'https://github.com/DJStarCOM/laravel-breadcrumbs#laravel-breadcrumbs'
